../Core/Src/main.c:86:5:main	10264	static
../Core/Src/main.c:214:6:SystemClock_Config	88	static
../Core/Src/main.c:262:13:MX_FDCAN2_Init	8	static
../Core/Src/main.c:305:13:MX_SPI1_Init	8	static
../Core/Src/main.c:345:13:MX_TIM2_Init	48	static
../Core/Src/main.c:394:13:MX_TIM3_Init	48	static
../Core/Src/main.c:443:13:MX_USART1_UART_Init	8	static
../Core/Src/main.c:491:13:MX_USART2_UART_Init	8	static
../Core/Src/main.c:539:13:MX_USB_PCD_Init	8	static
../Core/Src/main.c:572:13:MX_GPIO_Init	40	static
../Core/Src/main.c:626:6:Error_Handler	4	static,ignoring_inline_asm
