../Core/Src/main.c:87:5:main	10272	static
../Core/Src/main.c:234:6:SystemClock_Config	88	static
../Core/Src/main.c:282:13:MX_FDCAN2_Init	8	static
../Core/Src/main.c:325:13:MX_SPI1_Init	8	static
../Core/Src/main.c:365:13:MX_TIM2_Init	48	static
../Core/Src/main.c:414:13:MX_TIM3_Init	48	static
../Core/Src/main.c:463:13:MX_USART1_UART_Init	8	static
../Core/Src/main.c:511:13:MX_USART2_UART_Init	8	static
../Core/Src/main.c:559:13:MX_USB_PCD_Init	8	static
../Core/Src/main.c:592:13:MX_GPIO_Init	40	static
../Core/Src/main.c:646:6:Error_Handler	4	static,ignoring_inline_asm
